# name: TestSyncDFCs.test_comprehensive_snapshot
  list([
    <DFCPair: Ratman // Batman>,
    <DFCPair: Ratwoman // Batwoman>,
  ])
# ---
