# name: TestFrontend.test_basic_search_and_xml_generation
  '<order><details><quantity>7</quantity><bracket>18</bracket><stock>(S30) Standard Smooth</stock><foil>false</foil></details><fronts><card><id>1c4M-sK9gd0Xju0NXCPtqeTW_DQTldVU5</id><slots>0,1,2,3</slots><name>Brainstorm.png</name><query>brainstorm</query></card><card><id>1IDtqSjJ4Yo45AnNA4SplOiN7ewibifMa</id><slots>4,5,6</slots><name>Island.png</name><query>island</query></card></fronts><cardback>1JtXL6Ca9nQkvhwZZRR9ZuKA9_DzsFf1V</cardback></order>'
# ---
